current directory: /Users/macbookpro/Desktop/gomycode/Revazi-interview-rubi/vendor/bundle/ruby/2.6.0/gems/puma-5.6.9/ext/puma_http11
/System/Library/Frameworks/Ruby.framework/Versions/2.6/usr/bin/ruby -I /System/Library/Frameworks/Ruby.framework/Versions/2.6/usr/lib/ruby/2.6.0 -r ./siteconf20251105-92749-qeorrz.rb extconf.rb
checking for BIO_read() in -lcrypto... yes
checking for SSL_CTX_new() in -lssl... yes
checking for openssl/bio.h... yes
checking for DTLS_method() in openssl/ssl.h... yes
checking for TLS_server_method() in openssl/ssl.h... yes
checking for SSL_CTX_set_min_proto_version(NULL, 0) in openssl/ssl.h... yes
checking for X509_STORE_up_ref()... yes
checking for SSL_CTX_set_ecdh_auto(NULL, 0) in openssl/ssl.h... yes
checking for SSL_CTX_set_dh_auto(NULL, 0) in openssl/ssl.h... yes
checking for SSL_get1_peer_certificate() in openssl/ssl.h... yes
checking for Random.bytes... yes
creating Makefile

current directory: /Users/macbookpro/Desktop/gomycode/Revazi-interview-rubi/vendor/bundle/ruby/2.6.0/gems/puma-5.6.9/ext/puma_http11
make "DESTDIR=" clean

current directory: /Users/macbookpro/Desktop/gomycode/Revazi-interview-rubi/vendor/bundle/ruby/2.6.0/gems/puma-5.6.9/ext/puma_http11
make "DESTDIR="
compiling http11_parser.c
compiling mini_ssl.c
compiling puma_http11.c
linking shared-object puma/puma_http11.bundle
ld: warning: directory not found for option '-L/AppleInternal/Library/BuildRoots/46298ee5-4a1c-11ef-a181-1aec23608739/Applications/Xcode.app/Contents/Developer/Platforms/MacOSX.platform/Developer/SDKs/MacOSX13.7.Internal.sdk/usr/local/libressl-by-deployment-target/13.0/lib'
ld: warning: directory not found for option '-L/AppleInternal/Library/BuildRoots/46298ee5-4a1c-11ef-a181-1aec23608739/Applications/Xcode.app/Contents/Developer/Platforms/MacOSX.platform/Developer/SDKs/MacOSX13.7.Internal.sdk/usr/local/lib'

current directory: /Users/macbookpro/Desktop/gomycode/Revazi-interview-rubi/vendor/bundle/ruby/2.6.0/gems/puma-5.6.9/ext/puma_http11
make "DESTDIR=" install
/usr/bin/install -c -m 0755 puma_http11.bundle ./.gem.20251105-92749-iyotbn/puma
