current directory: /Users/macbookpro/Desktop/gomycode/Revazi-interview-rubi/vendor/bundle/ruby/2.6.0/gems/date-3.5.0/ext/date
/System/Library/Frameworks/Ruby.framework/Versions/2.6/usr/bin/ruby -I /System/Library/Frameworks/Ruby.framework/Versions/2.6/usr/lib/ruby/2.6.0 -r ./siteconf20251105-92749-1w4z3p8.rb extconf.rb
checking for whether -Wno-compound-token-split-by-macro is accepted as CFLAGS... yes
checking for rb_category_warn()... no
checking for timezone in time.h... yes
checking for altzone in time.h... no
creating Makefile

current directory: /Users/macbookpro/Desktop/gomycode/Revazi-interview-rubi/vendor/bundle/ruby/2.6.0/gems/date-3.5.0/ext/date
make "DESTDIR=" clean

current directory: /Users/macbookpro/Desktop/gomycode/Revazi-interview-rubi/vendor/bundle/ruby/2.6.0/gems/date-3.5.0/ext/date
make "DESTDIR="
compiling date_core.c
compiling date_parse.c
compiling date_strftime.c
compiling date_strptime.c
linking shared-object date_core.bundle
ld: warning: directory not found for option '-L/AppleInternal/Library/BuildRoots/46298ee5-4a1c-11ef-a181-1aec23608739/Applications/Xcode.app/Contents/Developer/Platforms/MacOSX.platform/Developer/SDKs/MacOSX13.7.Internal.sdk/usr/local/lib'

current directory: /Users/macbookpro/Desktop/gomycode/Revazi-interview-rubi/vendor/bundle/ruby/2.6.0/gems/date-3.5.0/ext/date
make "DESTDIR=" install
/usr/bin/install -c -m 0755 date_core.bundle ./.gem.20251105-92749-1og8dcx
